// Jest Snapshot v1, https://goo.gl/fbAQLP

exports[`Testing <SetContainer /> Testing SetContainer's props 1`] = `
ShallowWrapper {
  Symbol(enzyme.__root__): [Circular],
  Symbol(enzyme.__unrendered__): <SetContainer
    projects={
        Object {
            "projectsHash": Object {
              "1": Object {
                "id": 1,
                "name": "Trip to space",
              },
              "2": Object {
                "id": 2,
                "name": "Assembly Ikea furniture",
              },
              "3": Object {
                "id": 3,
                "name": "Datumize Zentral",
              },
            },
            "projectsID": Array [
              1,
              2,
              3,
            ],
          }
    }
    roles={
        Object {
            "rolesHash": Object {
              "1": Object {
                "id": 1,
                "name": "Admin",
              },
              "2": Object {
                "id": 2,
                "name": "Editor",
              },
              "3": Object {
                "id": 3,
                "name": "Viewer",
              },
            },
            "rolesID": Array [
              1,
              2,
              3,
            ],
          }
    }
    saveSelectData={[Function]}
    setID={1}
    users={
        Object {
            "usersHash": Object {
              "1": Object {
                "id": 1,
                "name": "John Doe",
              },
              "2": Object {
                "id": 2,
                "name": "Alice",
              },
              "3": Object {
                "id": 3,
                "name": "Bob",
              },
            },
            "usersID": Array [
              1,
              2,
              3,
            ],
          }
    }
/>,
  Symbol(enzyme.__renderer__): Object {
    "batchedUpdates": [Function],
    "getNode": [Function],
    "render": [Function],
    "simulateError": [Function],
    "simulateEvent": [Function],
    "unmount": [Function],
  },
  Symbol(enzyme.__node__): Object {
    "instance": null,
    "key": undefined,
    "nodeType": "function",
    "props": Object {
      "children": Array [
        <styled.h2>
          Set Number 
          1
</styled.h2>,
        <styled.div>
          <SelectComponent
                    IDList={
                              Array [
                                        1,
                                        2,
                                        3,
                                      ]
                    }
                    data={
                              Object {
                                        "1": Object {
                                          "id": 1,
                                          "name": "John Doe",
                                        },
                                        "2": Object {
                                          "id": 2,
                                          "name": "Alice",
                                        },
                                        "3": Object {
                                          "id": 3,
                                          "name": "Bob",
                                        },
                                      }
                    }
                    saveSelectData={[Function]}
                    setID={1}
                    type="users"
          />
          <SelectComponent
                    IDList={
                              Array [
                                        1,
                                        2,
                                        3,
                                      ]
                    }
                    data={
                              Object {
                                        "1": Object {
                                          "id": 1,
                                          "name": "Admin",
                                        },
                                        "2": Object {
                                          "id": 2,
                                          "name": "Editor",
                                        },
                                        "3": Object {
                                          "id": 3,
                                          "name": "Viewer",
                                        },
                                      }
                    }
                    saveSelectData={[Function]}
                    setID={1}
                    type="roles"
          />
          <SelectComponent
                    IDList={
                              Array [
                                        1,
                                        2,
                                        3,
                                      ]
                    }
                    data={
                              Object {
                                        "1": Object {
                                          "id": 1,
                                          "name": "Trip to space",
                                        },
                                        "2": Object {
                                          "id": 2,
                                          "name": "Assembly Ikea furniture",
                                        },
                                        "3": Object {
                                          "id": 3,
                                          "name": "Datumize Zentral",
                                        },
                                      }
                    }
                    saveSelectData={[Function]}
                    setID={1}
                    type="projects"
          />
</styled.div>,
      ],
    },
    "ref": null,
    "rendered": Array [
      Object {
        "instance": null,
        "key": undefined,
        "nodeType": "class",
        "props": Object {
          "children": Array [
            "Set Number ",
            1,
          ],
        },
        "ref": null,
        "rendered": Array [
          "Set Number ",
          1,
        ],
        "type": [Function],
      },
      Object {
        "instance": null,
        "key": undefined,
        "nodeType": "class",
        "props": Object {
          "children": Array [
            <SelectComponent
              IDList={
                            Array [
                                          1,
                                          2,
                                          3,
                                        ]
              }
              data={
                            Object {
                                          "1": Object {
                                            "id": 1,
                                            "name": "John Doe",
                                          },
                                          "2": Object {
                                            "id": 2,
                                            "name": "Alice",
                                          },
                                          "3": Object {
                                            "id": 3,
                                            "name": "Bob",
                                          },
                                        }
              }
              saveSelectData={[Function]}
              setID={1}
              type="users"
/>,
            <SelectComponent
              IDList={
                            Array [
                                          1,
                                          2,
                                          3,
                                        ]
              }
              data={
                            Object {
                                          "1": Object {
                                            "id": 1,
                                            "name": "Admin",
                                          },
                                          "2": Object {
                                            "id": 2,
                                            "name": "Editor",
                                          },
                                          "3": Object {
                                            "id": 3,
                                            "name": "Viewer",
                                          },
                                        }
              }
              saveSelectData={[Function]}
              setID={1}
              type="roles"
/>,
            <SelectComponent
              IDList={
                            Array [
                                          1,
                                          2,
                                          3,
                                        ]
              }
              data={
                            Object {
                                          "1": Object {
                                            "id": 1,
                                            "name": "Trip to space",
                                          },
                                          "2": Object {
                                            "id": 2,
                                            "name": "Assembly Ikea furniture",
                                          },
                                          "3": Object {
                                            "id": 3,
                                            "name": "Datumize Zentral",
                                          },
                                        }
              }
              saveSelectData={[Function]}
              setID={1}
              type="projects"
/>,
          ],
        },
        "ref": null,
        "rendered": Array [
          Object {
            "instance": null,
            "key": "set1-users",
            "nodeType": "class",
            "props": Object {
              "IDList": Array [
                1,
                2,
                3,
              ],
              "data": Object {
                "1": Object {
                  "id": 1,
                  "name": "John Doe",
                },
                "2": Object {
                  "id": 2,
                  "name": "Alice",
                },
                "3": Object {
                  "id": 3,
                  "name": "Bob",
                },
              },
              "saveSelectData": [Function],
              "setID": 1,
              "type": "users",
            },
            "ref": null,
            "rendered": null,
            "type": [Function],
          },
          Object {
            "instance": null,
            "key": "set1-roles",
            "nodeType": "class",
            "props": Object {
              "IDList": Array [
                1,
                2,
                3,
              ],
              "data": Object {
                "1": Object {
                  "id": 1,
                  "name": "Admin",
                },
                "2": Object {
                  "id": 2,
                  "name": "Editor",
                },
                "3": Object {
                  "id": 3,
                  "name": "Viewer",
                },
              },
              "saveSelectData": [Function],
              "setID": 1,
              "type": "roles",
            },
            "ref": null,
            "rendered": null,
            "type": [Function],
          },
          Object {
            "instance": null,
            "key": "set1-projects",
            "nodeType": "class",
            "props": Object {
              "IDList": Array [
                1,
                2,
                3,
              ],
              "data": Object {
                "1": Object {
                  "id": 1,
                  "name": "Trip to space",
                },
                "2": Object {
                  "id": 2,
                  "name": "Assembly Ikea furniture",
                },
                "3": Object {
                  "id": 3,
                  "name": "Datumize Zentral",
                },
              },
              "saveSelectData": [Function],
              "setID": 1,
              "type": "projects",
            },
            "ref": null,
            "rendered": null,
            "type": [Function],
          },
        ],
        "type": [Function],
      },
    ],
    "type": Symbol(react.fragment),
  },
  Symbol(enzyme.__nodes__): Array [
    Object {
      "instance": null,
      "key": undefined,
      "nodeType": "function",
      "props": Object {
        "children": Array [
          <styled.h2>
            Set Number 
            1
</styled.h2>,
          <styled.div>
            <SelectComponent
                        IDList={
                                    Array [
                                                1,
                                                2,
                                                3,
                                              ]
                        }
                        data={
                                    Object {
                                                "1": Object {
                                                  "id": 1,
                                                  "name": "John Doe",
                                                },
                                                "2": Object {
                                                  "id": 2,
                                                  "name": "Alice",
                                                },
                                                "3": Object {
                                                  "id": 3,
                                                  "name": "Bob",
                                                },
                                              }
                        }
                        saveSelectData={[Function]}
                        setID={1}
                        type="users"
            />
            <SelectComponent
                        IDList={
                                    Array [
                                                1,
                                                2,
                                                3,
                                              ]
                        }
                        data={
                                    Object {
                                                "1": Object {
                                                  "id": 1,
                                                  "name": "Admin",
                                                },
                                                "2": Object {
                                                  "id": 2,
                                                  "name": "Editor",
                                                },
                                                "3": Object {
                                                  "id": 3,
                                                  "name": "Viewer",
                                                },
                                              }
                        }
                        saveSelectData={[Function]}
                        setID={1}
                        type="roles"
            />
            <SelectComponent
                        IDList={
                                    Array [
                                                1,
                                                2,
                                                3,
                                              ]
                        }
                        data={
                                    Object {
                                                "1": Object {
                                                  "id": 1,
                                                  "name": "Trip to space",
                                                },
                                                "2": Object {
                                                  "id": 2,
                                                  "name": "Assembly Ikea furniture",
                                                },
                                                "3": Object {
                                                  "id": 3,
                                                  "name": "Datumize Zentral",
                                                },
                                              }
                        }
                        saveSelectData={[Function]}
                        setID={1}
                        type="projects"
            />
</styled.div>,
        ],
      },
      "ref": null,
      "rendered": Array [
        Object {
          "instance": null,
          "key": undefined,
          "nodeType": "class",
          "props": Object {
            "children": Array [
              "Set Number ",
              1,
            ],
          },
          "ref": null,
          "rendered": Array [
            "Set Number ",
            1,
          ],
          "type": [Function],
        },
        Object {
          "instance": null,
          "key": undefined,
          "nodeType": "class",
          "props": Object {
            "children": Array [
              <SelectComponent
                IDList={
                                Array [
                                                1,
                                                2,
                                                3,
                                              ]
                }
                data={
                                Object {
                                                "1": Object {
                                                  "id": 1,
                                                  "name": "John Doe",
                                                },
                                                "2": Object {
                                                  "id": 2,
                                                  "name": "Alice",
                                                },
                                                "3": Object {
                                                  "id": 3,
                                                  "name": "Bob",
                                                },
                                              }
                }
                saveSelectData={[Function]}
                setID={1}
                type="users"
/>,
              <SelectComponent
                IDList={
                                Array [
                                                1,
                                                2,
                                                3,
                                              ]
                }
                data={
                                Object {
                                                "1": Object {
                                                  "id": 1,
                                                  "name": "Admin",
                                                },
                                                "2": Object {
                                                  "id": 2,
                                                  "name": "Editor",
                                                },
                                                "3": Object {
                                                  "id": 3,
                                                  "name": "Viewer",
                                                },
                                              }
                }
                saveSelectData={[Function]}
                setID={1}
                type="roles"
/>,
              <SelectComponent
                IDList={
                                Array [
                                                1,
                                                2,
                                                3,
                                              ]
                }
                data={
                                Object {
                                                "1": Object {
                                                  "id": 1,
                                                  "name": "Trip to space",
                                                },
                                                "2": Object {
                                                  "id": 2,
                                                  "name": "Assembly Ikea furniture",
                                                },
                                                "3": Object {
                                                  "id": 3,
                                                  "name": "Datumize Zentral",
                                                },
                                              }
                }
                saveSelectData={[Function]}
                setID={1}
                type="projects"
/>,
            ],
          },
          "ref": null,
          "rendered": Array [
            Object {
              "instance": null,
              "key": "set1-users",
              "nodeType": "class",
              "props": Object {
                "IDList": Array [
                  1,
                  2,
                  3,
                ],
                "data": Object {
                  "1": Object {
                    "id": 1,
                    "name": "John Doe",
                  },
                  "2": Object {
                    "id": 2,
                    "name": "Alice",
                  },
                  "3": Object {
                    "id": 3,
                    "name": "Bob",
                  },
                },
                "saveSelectData": [Function],
                "setID": 1,
                "type": "users",
              },
              "ref": null,
              "rendered": null,
              "type": [Function],
            },
            Object {
              "instance": null,
              "key": "set1-roles",
              "nodeType": "class",
              "props": Object {
                "IDList": Array [
                  1,
                  2,
                  3,
                ],
                "data": Object {
                  "1": Object {
                    "id": 1,
                    "name": "Admin",
                  },
                  "2": Object {
                    "id": 2,
                    "name": "Editor",
                  },
                  "3": Object {
                    "id": 3,
                    "name": "Viewer",
                  },
                },
                "saveSelectData": [Function],
                "setID": 1,
                "type": "roles",
              },
              "ref": null,
              "rendered": null,
              "type": [Function],
            },
            Object {
              "instance": null,
              "key": "set1-projects",
              "nodeType": "class",
              "props": Object {
                "IDList": Array [
                  1,
                  2,
                  3,
                ],
                "data": Object {
                  "1": Object {
                    "id": 1,
                    "name": "Trip to space",
                  },
                  "2": Object {
                    "id": 2,
                    "name": "Assembly Ikea furniture",
                  },
                  "3": Object {
                    "id": 3,
                    "name": "Datumize Zentral",
                  },
                },
                "saveSelectData": [Function],
                "setID": 1,
                "type": "projects",
              },
              "ref": null,
              "rendered": null,
              "type": [Function],
            },
          ],
          "type": [Function],
        },
      ],
      "type": Symbol(react.fragment),
    },
  ],
  Symbol(enzyme.__options__): Object {
    "adapter": ReactSixteenAdapter {
      "options": Object {
        "enableComponentDidUpdateOnSetState": true,
        "lifecycles": Object {
          "componentDidUpdate": Object {
            "onSetState": true,
          },
          "getDerivedStateFromProps": true,
          "getSnapshotBeforeUpdate": true,
          "setState": Object {
            "skipsComponentDidUpdateOnNullish": true,
          },
        },
      },
    },
    "attachTo": undefined,
    "hydrateIn": undefined,
  },
}
`;
